ASTProgram
ASTExpressionStatement\[ASTIfExpression\]
ASTExpressionStatement\[ASTInteger\[3333\]\]
\[6, 14, 0, 10, 0, 0, 0, 15, 0, 11, 16, 5, 0, 0, 1, 5\]
0000 OpTrue
0001 OpJumpNotTruthy 10
0004 OpConstant 0
0007 OpJump 11
0010 OpNull
0011 OpPop
0012 OpConstant 1
0015 OpPop
3333
