ASTProgram
ASTExpressionStatement\[ASTIfExpression\]
ASTExpressionStatement\[ASTInteger\[3333\]\]
\[6, 14, 0, 10, 0, 0, 0, 15, 0, 13, 0, 0, 1, 5, 0, 0, 2, 5\]
0000 OpTrue
0001 OpJumpNotTruthy 10
0004 OpConstant 0
0007 OpJump 13
0010 OpConstant 1
0013 OpPop
0014 OpConstant 2
0017 OpPop
3333
