ASTProgram
ASTExpressionStatement\[\[ASTInteger\[1\],ASTInteger\[2\],ASTInteger\[3\]\]\]
\[0, 0, 0, 0, 0, 1, 0, 0, 2, 19, 0, 3, 5\]
0000 OpConstant 0
0003 OpConstant 1
0006 OpConstant 2
0009 OpArray 3
0012 OpPop
\[1, 2, 3\]
