ASTProgram
ASTExpressionStatement\[ASTPrefixExpression <!> \[ASTNullExpression\]\]
\[16, 12, 5\]
0000 OpNull
0001 OpBang
0002 OpPop
true
