ASTProgram
ASTExpressionStatement\[ASTInfixExpression \[ASTString\[aaa\] <\+> ASTString\[bbb\]\]\]
\[0, 0, 0, 0, 0, 1, 1, 5\]
0000 OpConstant 0
0003 OpConstant 1
0006 OpAdd
0007 OpPop
'aaabbb'
