ASTProgram
ASTExpressionStatement\[ASTIfExpression\]
\[0, 0, 0, 0, 0, 1, 10, 14, 0, 16, 0, 0, 2, 15, 0, 19, 0, 0, 3, 5\]
0000 OpConstant 0
0003 OpConstant 1
0006 OpGreaterThan
0007 OpJumpNotTruthy 16
0010 OpConstant 2
0013 OpJump 19
0016 OpConstant 3
0019 OpPop
11
