ASTProgram
ASTExpressionStatement\[ASTString\[buna dimineata\]\]
\[0, 0, 0, 5\]
0000 OpConstant 0
0003 OpPop
'buna dimineata'
