ASTProgram
ASTExpressionStatement\[ASTIfExpression\]
ASTExpressionStatement\[ASTIfExpression\]
\[0, 0, 0, 0, 0, 1, 10, 14, 0, 16, 0, 0, 2, 15, 0, 17, 16, 5, 7, 14, 0, 28, 0, 0, 3, 15, 0, 29, 16, 5\]
0000 OpConstant 0
0003 OpConstant 1
0006 OpGreaterThan
0007 OpJumpNotTruthy 16
0010 OpConstant 2
0013 OpJump 17
0016 OpNull
0017 OpPop
0018 OpFalse
0019 OpJumpNotTruthy 28
0022 OpConstant 3
0025 OpJump 29
0028 OpNull
0029 OpPop
null
