ASTProgram
ASTLetStatement<ASTIdentifier\[one\]> \[ASTInteger\[1\]\]
ASTExpressionStatement\[None\]
ASTLetStatement<ASTIdentifier\[two\]> \[ASTIdentifier\[one\]\]
ASTExpressionStatement\[None\]
ASTExpressionStatement\[ASTIdentifier\[two\]\]
\[0, 0, 0, 18, 0, 0, 17, 0, 0, 18, 0, 1, 17, 0, 1, 5\]
0000 OpConstant 0
0003 OpSetGlobal 0
0006 OpGetGlobal 0
0009 OpSetGlobal 1
0012 OpGetGlobal 1
0015 OpPop
1
